// Jest Snapshot v1, https://goo.gl/fbAQLP

exports[`Navbar to match snapshot 1`] = `
<div>
  <nav>
    <div
      class="MuiContainer-root MuiContainer-maxWidthLg css-1oqqzyl-MuiContainer-root"
    >
      <div
        class="py-8"
      >
        <div
          class="flex justify-between"
        >
          <h1
            class="text-2xl uppercase tracking-wider font-bold"
          >
            â˜• Cafe 
            <span
              class="text-red-500"
            >
              Sang
            </span>
          </h1>
          <p>
            <a
              class="uppercase"
              href="https://vnexpress.net"
              target="_blank"
            >
              <button
                class="px-4 py-2 rounded bg-red-900 shadow-2xl text-white uppercase"
                type="button"
              >
                vnexpress
              </button>
            </a>
          </p>
        </div>
      </div>
    </div>
  </nav>
</div>
`;
