// Jest Snapshot v1, https://goo.gl/fbAQLP

exports[`Button to match snapshot 1`] = `
<div>
  <button
    class="px-4 py-2 rounded bg-blue-900 shadow-2xl text-white"
    type="button"
  >
    Button
  </button>
</div>
`;
