// Jest Snapshot v1, https://goo.gl/fbAQLP

exports[`Input to match snapshot 1`] = `
<div>
  <input
    class="px-4 py-2 rounded w-full shadow-2xl"
    id="id"
    name="name"
    placeholder="Placeholder"
    value="value"
  />
</div>
`;
